[2025-08-27 21:44:02] Error de validación de imagen: formato no permitido.
[2025-08-27 22:42:01] Error campos vacios al enviar los datos.
[2025-08-27 22:45:17] Error campos vacios al enviar los datos.
[2025-08-28 22:36:57] Error campos vacios al enviar los datos.
[2025-08-28 23:17:03] Error campos vacios al enviar los datos.
[2025-08-29 02:25:57] Correo o contraseña incorrectas.
<<<<<<< HEAD
[2025-08-29 16:16:00] Error de validación de imagen: formato no permitido.
[2025-08-29 16:17:13] Error de validación de imagen: formato no permitido.
[2025-08-29 19:07:08] Error: campos vacíos al enviar los datos.
[2025-08-29 19:12:01] Correo o contraseña incorrectas.
=======
[2025-08-30 01:41:12] Error: campos vacíos al enviar los datos.
[2025-08-31 02:20:12] Error: campos vacíos al enviar los datos.
[2025-09-02 01:47:15] Error: campos vacíos al enviar los datos.
[2025-09-02 01:55:44] Error: campos vacíos al enviar los datos.
[2025-09-02 02:52:44] Error: campos vacíos al enviar los datos.
[2025-09-02 03:06:02] Error: campos vacíos al enviar los datos.
[2025-09-02 03:07:52] Error: campos vacíos al enviar los datos.
[2025-09-02 03:21:09] Error: campos vacíos al enviar los datos.
[2025-09-02 03:23:52] Error: campos vacíos al enviar los datos.
[2025-09-02 03:47:21] Error: campos vacíos al enviar los datos.
[2025-09-02 04:01:49] Error: campos vacíos al enviar los datos.
[2025-09-02 04:03:38] Error: campos vacíos al enviar los datos.
[2025-09-02 04:24:12] Error: campos vacíos al enviar los datos.
[2025-09-03 05:17:16] Error Denuncia Anonima: campos vacíos al enviar los datos.
[2025-09-04 01:46:53] Error Denuncia Anonima: campos vacíos al enviar los datos.
<<<<<<< HEAD
>>>>>>> 0635e45e325e93a6c37c5875f48a24ebd3589b74
[2025-09-04 17:54:03] Error Denuncia Anonima: campos vacíos al enviar los datos.
[2025-09-05 01:57:14] Correo o contraseña incorrectas.
[2025-09-07 03:59:47] Correo o contraseña incorrectas.
=======
[2025-09-10 22:03:55] Error Denuncia: formato de fecha_evento inválido.
[2025-09-10 22:03:55] Error Denuncia: formato de fecha_evento inválido.
<<<<<<< HEAD
>>>>>>> d3edc11eca651500e095f0d24c13012cdf1ebfad
=======
[2025-09-13 03:55:04] Error Denuncia: campos vacíos al enviar los datos.
[2025-09-13 04:02:20] Error Denuncia: campos vacíos al enviar los datos.
[2025-09-13 04:02:21] Error Denuncia: campos vacíos al enviar los datos.
[2025-09-13 04:02:24] Error Denuncia: campos vacíos al enviar los datos.
[2025-09-13 04:02:30] Error Denuncia: campos vacíos al enviar los datos.
[2025-09-13 04:02:33] Error Denuncia: campos vacíos al enviar los datos.
>>>>>>> 14f7e2e9dcdf6fe42dfd7c9b9e0fc4649f2ead78
[2025-09-17 19:53:08] Error Denuncia: campos vacíos al enviar los datos.
<<<<<<< HEAD
[2025-09-18 16:29:32] Intento fallido de inicio de sesión: josuemoran228@gmail.com
[2025-09-18 16:29:38] Intento fallido de inicio de sesión: josuemoran228@gmail.com
[2025-09-19 19:52:02] Intento fallido de inicio de sesión: josuemoran228@gmail.com
[2025-09-20 16:26:04] Error Denuncia: campos vacíos al enviar los datos.
[2025-09-20 16:26:44] Intento fallido de inicio de sesión: josuemoran228@gmail.com
[2025-09-20 16:52:01] Error Denuncia: campos vacíos al enviar los datos.
[2025-09-20 17:35:02] Error Denuncia: campos vacíos al enviar los datos.
[2025-09-21 17:49:48] Error Denuncia: campos vacíos al enviar los datos.
=======
[2025-09-20 22:47:55] Error Denuncia: campos vacíos al enviar los datos.
[2025-09-20 23:41:15] Error Denuncia: campos vacíos al enviar los datos.
[2025-09-20 23:41:18] Error Denuncia: campos vacíos al enviar los datos.
[2025-09-20 23:58:21] Error Denuncia: campos vacíos al enviar los datos.
[2025-09-20 23:59:11] Error Denuncia: campos vacíos al enviar los datos.
[2025-09-20 23:59:22] Error Denuncia: campos vacíos al enviar los datos.
[2025-09-21 00:49:01] Error Denuncia: campos vacíos al enviar los datos.
[2025-09-21 00:49:04] Error Denuncia: campos vacíos al enviar los datos.
[2025-09-21 00:49:12] Error Denuncia: campos vacíos al enviar los datos.
[2025-09-21 04:13:20] Error Denuncia: campos vacíos al enviar los datos.
[2025-09-21 04:13:23] Error Denuncia: campos vacíos al enviar los datos.
[2025-09-21 04:13:23] Error Denuncia: campos vacíos al enviar los datos.
[2025-09-21 04:22:39] Error Denuncia: campos vacíos al enviar los datos.
[2025-09-21 04:22:45] Error Denuncia: campos vacíos al enviar los datos.
[2025-09-21 04:22:45] Error Denuncia: campos vacíos al enviar los datos.
[2025-09-21 04:22:46] Error Denuncia: campos vacíos al enviar los datos.
[2025-09-21 04:22:46] Error Denuncia: campos vacíos al enviar los datos.
[2025-09-21 04:22:46] Error Denuncia: campos vacíos al enviar los datos.
[2025-09-21 04:22:47] Error Denuncia: campos vacíos al enviar los datos.
[2025-09-21 04:22:47] Error Denuncia: campos vacíos al enviar los datos.
[2025-09-21 04:22:47] Error Denuncia: campos vacíos al enviar los datos.
[2025-09-21 04:22:48] Error Denuncia: campos vacíos al enviar los datos.
[2025-09-21 04:22:48] Error Denuncia: campos vacíos al enviar los datos.
[2025-09-21 04:22:48] Error Denuncia: campos vacíos al enviar los datos.
[2025-09-21 04:22:49] Error Denuncia: campos vacíos al enviar los datos.
[2025-09-21 04:22:49] Error Denuncia: campos vacíos al enviar los datos.
[2025-09-21 04:22:51] Error Denuncia: campos vacíos al enviar los datos.
[2025-09-21 04:22:51] Error Denuncia: campos vacíos al enviar los datos.
[2025-09-21 04:22:51] Error Denuncia: campos vacíos al enviar los datos.
[2025-09-21 04:22:52] Error Denuncia: campos vacíos al enviar los datos.
[2025-09-21 04:22:52] Error Denuncia: campos vacíos al enviar los datos.
[2025-09-21 04:22:52] Error Denuncia: campos vacíos al enviar los datos.
[2025-09-21 04:33:44] Error Denuncia: campos vacíos al enviar los datos.
[2025-09-21 17:42:39] Error Denuncia: campos vacíos al enviar los datos.
[2025-09-21 17:42:42] Error Denuncia: campos vacíos al enviar los datos.
[2025-09-21 17:42:46] Error Denuncia: campos vacíos al enviar los datos.
[2025-09-21 17:57:45] Error Denuncia: campos vacíos al enviar los datos.
[2025-09-21 17:57:47] Error Denuncia: campos vacíos al enviar los datos.
[2025-09-21 17:57:52] Error Denuncia: campos vacíos al enviar los datos.
[2025-09-21 17:58:17] Error Denuncia: campos vacíos al enviar los datos.
[2025-09-21 17:58:28] Error Denuncia: campos vacíos al enviar los datos.
>>>>>>> 1c32133142b1ba498ce7a5b04b68cb7f13433626
[2025-09-25 02:31:05] Error Noticia: campos vacíos al enviar los datos.
[2025-09-26 14:49:04] Intento fallido de inicio de sesión: josuemoran228@gmail.com
[2025-09-27 20:50:00] Error Noticia: campos vacíos al enviar los datos.
